// Jest Snapshot v1, https://goo.gl/fbAQLP

exports[`<InfoPicker /> renders the InfoPicker correctly 1`] = `
<DocumentFragment>
  <div
    class="info-picker horizontal"
  >
    <div
      class="base-settings pf-c-form"
    >
      <div
        class="pf-c-form__group"
      >
        <label
          class="pf-c-form__label"
          for="groupId"
        >
          <span
            class="pf-c-form__label-text"
          >
            Group
          </span>
        </label>
        <input
          aria-invalid="false"
          aria-label="Edit groupId"
          autocomplete="off"
          class="pf-c-form-control"
          id="groupId"
          name="groupId"
          pattern="^([a-zA-Z_$][a-zA-Z\\\\d_$]*\\\\.)*[a-zA-Z_$][a-zA-Z\\\\d_$]*$"
          required=""
          type="text"
          value="org.test"
        />
      </div>
      <div
        class="pf-c-form__group pf-m-inline"
      >
        <div
          class="pf-c-form__group"
        >
          <label
            class="pf-c-form__label"
            for="artifactId"
          >
            <span
              class="pf-c-form__label-text"
            >
              Artifact
            </span>
          </label>
          <input
            aria-invalid="false"
            aria-label="Edit artifactId"
            autocomplete="off"
            class="pf-c-form-control"
            id="artifactId"
            name="artifactId"
            pattern="^[a-z][a-z0-9-._]*$"
            required=""
            type="text"
            value="test"
          />
        </div>
        <button
          class="pf-c-button pf-m-secondary pf-m-small"
          type="button"
        >
          <svg
            aria-hidden="true"
            fill="currentColor"
            height="1em"
            role="img"
            style="vertical-align: -0.125em;"
            viewBox="0 64 1024 1024"
            width="1em"
          >
            <path
              d="M874.016 800.873c-92.647 92.658-220.631 149.984-362.016 149.984-282.77 0-512-229.23-512-512s229.23-512 512-512c153.639 0 291.458 67.691 385.303 174.857l-96.32 84.283c-5.595-6.377-11.401-12.615-17.458-18.667-72.523-72.528-168.955-112.473-271.525-112.473s-198.999 39.945-271.531 112.466c-72.521 72.535-112.469 168.965-112.469 271.534s39.947 198.999 112.469 271.529c72.53 72.526 168.962 112.471 271.531 112.471s198.999-39.945 271.529-112.471l154.805-61.198-64.318 151.685zM682.425 627.568c-23.333-23.333-15.424-42.425 17.575-42.425h264c51.666 0 60 9.001 60 60v264c0 33.001-19.093 40.907-42.425 17.575l-299.15-299.15z"
              transform="rotate(180 0 512) scale(-1 1)"
            />
          </svg>
        </button>
      </div>
      <div
        aria-label="Choose build tool"
        class="pf-c-form__group"
      >
        <label
          class="pf-c-form__label"
          for="buildTool"
        >
          <span
            class="pf-c-form__label-text"
          >
            Build Tool
          </span>
        </label>
        <select
          class="pf-c-form-control"
          id="buildtool"
        >
          <option
            value="MAVEN"
          >
            Maven
          </option>
          <option
            value="GRADLE"
          >
            Gradle (Preview)
          </option>
          <option
            value="GRADLE_KOTLIN_DSL"
          >
            Gradle with Kotlin DSL (Preview)
          </option>
        </select>
      </div>
    </div>
    <div
      class="toggle-panel horizontal "
    >
      <div
        class="extended-settings pf-c-form"
      >
        <div
          class="pf-c-form__group"
        >
          <label
            class="pf-c-form__label"
            for="projectVersion"
          >
            <span
              class="pf-c-form__label-text"
            >
              Version
            </span>
          </label>
          <input
            aria-invalid="false"
            aria-label="Edit project version"
            autocomplete="off"
            class="pf-c-form-control"
            id="projectVersion"
            name="projectVersion"
            required=""
            type="text"
            value="1.0.0"
          />
        </div>
        <div
          aria-label="Examples"
          class="pf-c-form__group"
        >
          <label
            class="pf-c-form__label"
            for="no-examples"
          >
            <span
              class="pf-c-form__label-text"
            >
              <span>
                <span
                  class="codestart-example-icon"
                />
                Example code
              </span>
            </span>
          </label>
          <select
            class="pf-c-form-control"
            id="no-examples"
          >
            <option
              value="false"
            >
              Yes, Please
            </option>
            <option
              value="true"
            >
              No, Thanks
            </option>
          </select>
        </div>
      </div>
    </div>
    <div
      class="toggle-button"
    >
      <a
        aria-disabled="false"
        aria-label="Toggle panel"
        class="pf-c-button pf-m-link"
      >
        <span
          class="pf-c-button__text"
        >
          <span>
            <svg
              aria-hidden="true"
              fill="currentColor"
              height="1em"
              role="img"
              style="vertical-align: -0.125em;"
              viewBox="0 0 448 512"
              width="1em"
            >
              <path
                d="M48 32h352c26.51 0 48 21.49 48 48v352c0 26.51-21.49 48-48 48H48c-26.51 0-48-21.49-48-48V80c0-26.51 21.49-48 48-48zm140.485 355.515l123.029-123.029c4.686-4.686 4.686-12.284 0-16.971l-123.029-123.03c-7.56-7.56-20.485-2.206-20.485 8.485v246.059c0 10.691 12.926 16.045 20.485 8.486z"
                transform=""
              />
            </svg>
             Configure more options
          </span>
        </span>
      </a>
    </div>
  </div>
</DocumentFragment>
`;
