// Jest Snapshot v1, https://goo.gl/fbAQLP

exports[`<InfoPicker /> renders the InfoPicker correctly 1`] = `
<DocumentFragment>
  <div
    class="info-picker horizontal"
  >
    <div
      class="base-settings form"
    >
      <div
        class="form-group"
      >
        <label
          class="form-group-label"
          for="groupId"
        >
          <span
            class="form-group-label-text"
          >
            Group
          </span>
        </label>
        <input
          aria-invalid="false"
          aria-label="Edit groupId"
          class="form-group-control form-control"
          id="groupId"
          type="text"
          value="org.test"
        />
      </div>
      <div
        class="form-group"
      >
        <label
          class="form-group-label"
          for="artifactId"
        >
          <span
            class="form-group-label-text"
          >
            Artifact
          </span>
        </label>
        <input
          aria-invalid="false"
          aria-label="Edit artifactId"
          class="form-group-control form-control"
          id="artifactId"
          type="text"
          value="test"
        />
      </div>
      <div
        class="form-group"
      >
        <label
          arial-label="Choose build tool"
          class="form-group-label"
          for="buildtool"
        >
          <span
            class="form-group-label-text"
          >
            Build Tool
          </span>
        </label>
        <select
          class="form-group-control"
          id="buildtool"
        >
          <option
            value="MAVEN"
          >
            Maven
          </option>
          <option
            value="GRADLE"
          >
            Gradle (Preview)
          </option>
          <option
            value="GRADLE_KOTLIN_DSL"
          >
            Gradle with Kotlin DSL (Preview)
          </option>
        </select>
      </div>
    </div>
    <div
      class="toggle-panel horizontal "
    >
      <div
        class="extended-settings form"
      >
        <div
          class="form-group"
        >
          <label
            class="form-group-label"
            for="projectVersion"
          >
            <span
              class="form-group-label-text"
            >
              Version
            </span>
          </label>
          <input
            aria-invalid="false"
            aria-label="Edit project version"
            class="form-group-control form-control"
            id="projectVersion"
            type="text"
            value="1.0.0"
          />
        </div>
        <div
          class="form-group code-switch"
        >
          <input
            checked=""
            class="code-switch-control form-control"
            id="code"
            type="checkbox"
          />
          <label
            aria-label="Starter Code"
            class="form-group-label code-switch-label"
            for="code"
          >
            <div
              class="code-switch-inner-label"
            >
              Starter Code
            </div>
          </label>
        </div>
      </div>
    </div>
    <a
      aria-label="Toggle panel"
      class="toggle-button btn btn-primary"
    >
      <svg
        fill="currentColor"
        height="1em"
        stroke="currentColor"
        stroke-width="0"
        viewBox="0 0 448 512"
        width="1em"
        xmlns="http://www.w3.org/2000/svg"
      >
        <path
          d="M48 32h352c26.51 0 48 21.49 48 48v352c0 26.51-21.49 48-48 48H48c-26.51 0-48-21.49-48-48V80c0-26.51 21.49-48 48-48zm140.485 355.515l123.029-123.029c4.686-4.686 4.686-12.284 0-16.971l-123.029-123.03c-7.56-7.56-20.485-2.206-20.485 8.485v246.059c0 10.691 12.926 16.045 20.485 8.486z"
        />
      </svg>
      <span
        class="toggle-label"
      >
        Configure more options
      </span>
    </a>
  </div>
</DocumentFragment>
`;
